load_backend: loaded BLAS backend from /opt/homebrew/Cellar/ggml/0.13.0/libexec/libggml-blas.so
ggml_metal_device_init: tensor API disabled for pre-M5 and pre-A19 devices
ggml_metal_library_init: using embedded metal library
ggml_metal_library_init: loaded in 0.010 sec
ggml_metal_rsets_init: creating a residency set collection (keep_alive = 180 s)
ggml_metal_device_init: GPU name:   MTL0 (Apple M2 Pro)
ggml_metal_device_init: GPU family: MTLGPUFamilyApple8  (1008)
ggml_metal_device_init: GPU family: MTLGPUFamilyCommon3 (3003)
ggml_metal_device_init: GPU family: MTLGPUFamilyMetal4  (5002)
ggml_metal_device_init: simdgroup reduction   = true
ggml_metal_device_init: simdgroup matrix mul. = true
ggml_metal_device_init: has unified memory    = true
ggml_metal_device_init: has bfloat            = true
ggml_metal_device_init: has tensor            = false
ggml_metal_device_init: use residency sets    = true
ggml_metal_device_init: use shared buffers    = true
ggml_metal_device_init: recommendedMaxWorkingSetSize  = 12713.12 MB
load_backend: loaded MTL backend from /opt/homebrew/Cellar/ggml/0.13.0/libexec/libggml-metal.so
load_backend: loaded CPU backend from /opt/homebrew/Cellar/ggml/0.13.0/libexec/libggml-cpu-apple_m2_m3.so
        2.09 real         0.22 user         0.40 sys
          5175148544  maximum resident set size
                   0  average shared memory size
                   0  average unshared data size
                   0  average unshared stack size
              319691  page reclaims
                  13  page faults
                   0  swaps
                   0  block input operations
                   0  block output operations
                   0  messages sent
                   0  messages received
                   0  signals received
                   0  voluntary context switches
                 325  involuntary context switches
          5886653204  instructions retired
          2015978898  cycles elapsed
           129028320  peak memory footprint
